[scanner] 📂 MUSIC_DIR: D:/musica
🚀 Iniciando servidor...
🔧 Puerto configurado: 5002
📂 MUSIC_DIR: D:/musica
🔍 Cargando biblioteca desde SQLite...

🎵 ==========================================
   🎵 MIREPO - SERVIDOR COMPLETO
   ==========================================
   📡 Local:    http://localhost:5002
   📡 Red:      http://192.168.1.88:5002
   📡 Red:      http://172.16.12.4:5002
   📂 Música:   D:/musica
   ==========================================
   ✅ Servidor listo
   ==========================================

[db] ✅ Esquema verificado/creado
[db] ✅ Conectado a localfy.db
✅ 0 canciones cargadas en memoria
[scanner] 🔍 Iniciando escaneo de biblioteca...
[scanner] 🔍 Escaneando D:/musica...
[scanner] 📁 12408 archivos de audio encontrados
[scanner] ⏳ Progreso: 10/12408 archivos procesados
[scanner] ⏳ Progreso: 20/12408 archivos procesados
[scanner] ⏳ Progreso: 30/12408 archivos procesados
[scanner] ⏳ Progreso: 40/12408 archivos procesados
[scanner] ⏳ Progreso: 50/12408 archivos procesados
[scanner] ⏳ Progreso: 60/12408 archivos procesados
[scanner] ⏳ Progreso: 70/12408 archivos procesados
[scanner] ⏳ Progreso: 80/12408 archivos procesados
[scanner] ⏳ Progreso: 90/12408 archivos procesados
[scanner] ⏳ Progreso: 100/12408 archivos procesados
[scanner] ⏳ Progreso: 110/12408 archivos procesados
[scanner] ⏳ Progreso: 120/12408 archivos procesados
[scanner] ⏳ Progreso: 130/12408 archivos procesados
[scanner] ⏳ Progreso: 140/12408 archivos procesados
[scanner] ⏳ Progreso: 150/12408 archivos procesados
[scanner] ⏳ Progreso: 160/12408 archivos procesados
[scanner] ⏳ Progreso: 170/12408 archivos procesados
[scanner] ⏳ Progreso: 180/12408 archivos procesados
[scanner] ⏳ Progreso: 190/12408 archivos procesados
[scanner] ⏳ Progreso: 200/12408 archivos procesados
[scanner] ⏳ Progreso: 210/12408 archivos procesados
[scanner] ⏳ Progreso: 220/12408 archivos procesados
[scanner] ⏳ Progreso: 230/12408 archivos procesados
[scanner] ⏳ Progreso: 240/12408 archivos procesados
[scanner] ⏳ Progreso: 250/12408 archivos procesados
[scanner] ⏳ Progreso: 260/12408 archivos procesados
[scanner] ⏳ Progreso: 270/12408 archivos procesados
[scanner] ⏳ Progreso: 280/12408 archivos procesados
[scanner] ⏳ Progreso: 290/12408 archivos procesados
[scanner] ⏳ Progreso: 300/12408 archivos procesados
[scanner] ⏳ Progreso: 310/12408 archivos procesados
[scanner] ⏳ Progreso: 320/12408 archivos procesados
[scanner] ⏳ Progreso: 330/12408 archivos procesados
[scanner] ⏳ Progreso: 340/12408 archivos procesados
[scanner] ⏳ Progreso: 350/12408 archivos procesados
[scanner] ⏳ Progreso: 360/12408 archivos procesados
[scanner] ⏳ Progreso: 370/12408 archivos procesados
[scanner] ⏳ Progreso: 380/12408 archivos procesados
[scanner] ⏳ Progreso: 390/12408 archivos procesados
[scanner] ⏳ Progreso: 400/12408 archivos procesados
[scanner] ⏳ Progreso: 410/12408 archivos procesados
[scanner] ⏳ Progreso: 420/12408 archivos procesados
[scanner] ⏳ Progreso: 430/12408 archivos procesados
[scanner] ⏳ Progreso: 440/12408 archivos procesados
[scanner] ⏳ Progreso: 450/12408 archivos procesados
[scanner] ⏳ Progreso: 460/12408 archivos procesados
[scanner] ⏳ Progreso: 470/12408 archivos procesados
[scanner] ⏳ Progreso: 480/12408 archivos procesados
[scanner] ⏳ Progreso: 490/12408 archivos procesados
[scanner] ⏳ Progreso: 500/12408 archivos procesados
[scanner] ⏳ Progreso: 510/12408 archivos procesados
[scanner] ⏳ Progreso: 520/12408 archivos procesados
[scanner] ⏳ Progreso: 530/12408 archivos procesados
[scanner] ⏳ Progreso: 540/12408 archivos procesados
[scanner] ⏳ Progreso: 550/12408 archivos procesados
[scanner] ⏳ Progreso: 560/12408 archivos procesados
[scanner] ⏳ Progreso: 570/12408 archivos procesados
[scanner] ⏳ Progreso: 580/12408 archivos procesados
[scanner] ⏳ Progreso: 590/12408 archivos procesados
[scanner] ⏳ Progreso: 600/12408 archivos procesados
[scanner] ⏳ Progreso: 610/12408 archivos procesados
[scanner] ⏳ Progreso: 620/12408 archivos procesados
[scanner] ⏳ Progreso: 630/12408 archivos procesados
[scanner] ⏳ Progreso: 640/12408 archivos procesados
[scanner] ⏳ Progreso: 650/12408 archivos procesados
[scanner] ⏳ Progreso: 660/12408 archivos procesados
[scanner] ⏳ Progreso: 670/12408 archivos procesados
[scanner] ⏳ Progreso: 680/12408 archivos procesados
[scanner] ⏳ Progreso: 690/12408 archivos procesados
[scanner] ⏳ Progreso: 700/12408 archivos procesados
[scanner] ⏳ Progreso: 710/12408 archivos procesados
[scanner] ⏳ Progreso: 720/12408 archivos procesados
[scanner] ⏳ Progreso: 730/12408 archivos procesados
[scanner] ⏳ Progreso: 740/12408 archivos procesados
[scanner] ⏳ Progreso: 750/12408 archivos procesados
[scanner] ⏳ Progreso: 760/12408 archivos procesados
[scanner] ⏳ Progreso: 770/12408 archivos procesados
[scanner] ⏳ Progreso: 780/12408 archivos procesados
[scanner] ⏳ Progreso: 790/12408 archivos procesados
[scanner] ⏳ Progreso: 800/12408 archivos procesados
[scanner] ⏳ Progreso: 810/12408 archivos procesados
[scanner] ⏳ Progreso: 820/12408 archivos procesados
[scanner] ⏳ Progreso: 830/12408 archivos procesados
[scanner] ⏳ Progreso: 840/12408 archivos procesados
[scanner] ⏳ Progreso: 850/12408 archivos procesados
[scanner] ⏳ Progreso: 860/12408 archivos procesados
[scanner] ⏳ Progreso: 870/12408 archivos procesados
[scanner] ⏳ Progreso: 880/12408 archivos procesados
[scanner] ⏳ Progreso: 890/12408 archivos procesados
[scanner] ⏳ Progreso: 900/12408 archivos procesados
[scanner] ⏳ Progreso: 910/12408 archivos procesados
[scanner] ⏳ Progreso: 920/12408 archivos procesados
[scanner] ⏳ Progreso: 930/12408 archivos procesados
[scanner] ⏳ Progreso: 940/12408 archivos procesados
[scanner] ⏳ Progreso: 950/12408 archivos procesados
[scanner] ⏳ Progreso: 960/12408 archivos procesados
[scanner] ⏳ Progreso: 970/12408 archivos procesados
[scanner] ⏳ Progreso: 980/12408 archivos procesados
[scanner] ⏳ Progreso: 990/12408 archivos procesados
[scanner] ⏳ Progreso: 1000/12408 archivos procesados
[scanner] ⏳ Progreso: 1010/12408 archivos procesados
[scanner] ⏳ Progreso: 1020/12408 archivos procesados
[scanner] ⏳ Progreso: 1030/12408 archivos procesados
[scanner] ⏳ Progreso: 1040/12408 archivos procesados
[scanner] ⏳ Progreso: 1050/12408 archivos procesados
[scanner] ⏳ Progreso: 1060/12408 archivos procesados
[scanner] ⏳ Progreso: 1070/12408 archivos procesados
[scanner] ⏳ Progreso: 1080/12408 archivos procesados
[scanner] ⏳ Progreso: 1090/12408 archivos procesados
[scanner] ⏳ Progreso: 1100/12408 archivos procesados
[scanner] ⏳ Progreso: 1110/12408 archivos procesados
[scanner] ⏳ Progreso: 1120/12408 archivos procesados
[scanner] ⏳ Progreso: 1130/12408 archivos procesados
[scanner] ⏳ Progreso: 1140/12408 archivos procesados
[scanner] ⏳ Progreso: 1150/12408 archivos procesados
[scanner] ⏳ Progreso: 1160/12408 archivos procesados
[scanner] ⏳ Progreso: 1170/12408 archivos procesados
[scanner] ⏳ Progreso: 1180/12408 archivos procesados
[scanner] ⏳ Progreso: 1190/12408 archivos procesados
[scanner] ⏳ Progreso: 1200/12408 archivos procesados
[scanner] ⏳ Progreso: 1210/12408 archivos procesados
[scanner] ⏳ Progreso: 1220/12408 archivos procesados
[scanner] ⏳ Progreso: 1230/12408 archivos procesados
[scanner] ⏳ Progreso: 1240/12408 archivos procesados
[scanner] ⏳ Progreso: 1250/12408 archivos procesados
[scanner] ⏳ Progreso: 1260/12408 archivos procesados
[scanner] ⏳ Progreso: 1270/12408 archivos procesados
[scanner] ⏳ Progreso: 1280/12408 archivos procesados
[scanner] ⏳ Progreso: 1290/12408 archivos procesados
[scanner] ⏳ Progreso: 1300/12408 archivos procesados
[scanner] ⏳ Progreso: 1310/12408 archivos procesados
[scanner] ⏳ Progreso: 1320/12408 archivos procesados
[scanner] ⏳ Progreso: 1330/12408 archivos procesados
[scanner] ⏳ Progreso: 1340/12408 archivos procesados
[scanner] ⏳ Progreso: 1350/12408 archivos procesados
[scanner] ⏳ Progreso: 1360/12408 archivos procesados
[scanner] ⏳ Progreso: 1370/12408 archivos procesados
[scanner] ⏳ Progreso: 1380/12408 archivos procesados
[scanner] ⏳ Progreso: 1390/12408 archivos procesados
[scanner] ⏳ Progreso: 1400/12408 archivos procesados
[scanner] ⏳ Progreso: 1410/12408 archivos procesados
[scanner] ⏳ Progreso: 1420/12408 archivos procesados
[scanner] ⏳ Progreso: 1430/12408 archivos procesados
[scanner] ⏳ Progreso: 1440/12408 archivos procesados
[scanner] ⏳ Progreso: 1450/12408 archivos procesados
[scanner] ⏳ Progreso: 1460/12408 archivos procesados
[scanner] ⏳ Progreso: 1470/12408 archivos procesados
[scanner] ⏳ Progreso: 1480/12408 archivos procesados
[scanner] ⏳ Progreso: 1490/12408 archivos procesados
[scanner] ⏳ Progreso: 1500/12408 archivos procesados
[scanner] ⏳ Progreso: 1510/12408 archivos procesados
[scanner] ⏳ Progreso: 1520/12408 archivos procesados
[scanner] ⏳ Progreso: 1530/12408 archivos procesados
[scanner] ⏳ Progreso: 1540/12408 archivos procesados
[scanner] ⏳ Progreso: 1550/12408 archivos procesados
[scanner] ⏳ Progreso: 1560/12408 archivos procesados
[scanner] ⏳ Progreso: 1570/12408 archivos procesados
[scanner] ⏳ Progreso: 1580/12408 archivos procesados
[scanner] ⏳ Progreso: 1590/12408 archivos procesados
[scanner] ⏳ Progreso: 1600/12408 archivos procesados
[scanner] ⏳ Progreso: 1610/12408 archivos procesados
[scanner] ⏳ Progreso: 1620/12408 archivos procesados
[scanner] ⏳ Progreso: 1630/12408 archivos procesados
[scanner] ⏳ Progreso: 1640/12408 archivos procesados
[scanner] ⏳ Progreso: 1650/12408 archivos procesados
[scanner] ⏳ Progreso: 1660/12408 archivos procesados
[scanner] ⏳ Progreso: 1670/12408 archivos procesados
[scanner] ⏳ Progreso: 1680/12408 archivos procesados
[scanner] ⏳ Progreso: 1690/12408 archivos procesados
[scanner] ⏳ Progreso: 1700/12408 archivos procesados
[scanner] ⏳ Progreso: 1710/12408 archivos procesados
[scanner] ⏳ Progreso: 1720/12408 archivos procesados
[scanner] ⏳ Progreso: 1730/12408 archivos procesados
[scanner] ⏳ Progreso: 1740/12408 archivos procesados
[scanner] ⏳ Progreso: 1750/12408 archivos procesados
[scanner] ⏳ Progreso: 1760/12408 archivos procesados
[scanner] ⏳ Progreso: 1770/12408 archivos procesados
[scanner] ⏳ Progreso: 1780/12408 archivos procesados
[scanner] ⏳ Progreso: 1790/12408 archivos procesados
[scanner] ⏳ Progreso: 1800/12408 archivos procesados
[scanner] ⏳ Progreso: 1810/12408 archivos procesados
[scanner] ⏳ Progreso: 1820/12408 archivos procesados
[scanner] ⏳ Progreso: 1830/12408 archivos procesados
[scanner] ⏳ Progreso: 1840/12408 archivos procesados
[scanner] ⏳ Progreso: 1850/12408 archivos procesados
[scanner] ⏳ Progreso: 1860/12408 archivos procesados
[scanner] ⏳ Progreso: 1870/12408 archivos procesados
[scanner] ⏳ Progreso: 1880/12408 archivos procesados
[scanner] ⏳ Progreso: 1890/12408 archivos procesados
[scanner] ⏳ Progreso: 1900/12408 archivos procesados
[scanner] ⏳ Progreso: 1910/12408 archivos procesados
[scanner] ⏳ Progreso: 1920/12408 archivos procesados
[scanner] ⏳ Progreso: 1930/12408 archivos procesados
[scanner] ⏳ Progreso: 1940/12408 archivos procesados
[scanner] ⏳ Progreso: 1950/12408 archivos procesados
[scanner] ⏳ Progreso: 1960/12408 archivos procesados
[scanner] ⏳ Progreso: 1970/12408 archivos procesados
[scanner] ⏳ Progreso: 1980/12408 archivos procesados
[scanner] ⏳ Progreso: 1990/12408 archivos procesados
[scanner] ⏳ Progreso: 2000/12408 archivos procesados
[scanner] ⏳ Progreso: 2010/12408 archivos procesados
[scanner] ⏳ Progreso: 2020/12408 archivos procesados
[scanner] ⏳ Progreso: 2030/12408 archivos procesados
[scanner] ⏳ Progreso: 2040/12408 archivos procesados
[scanner] ⏳ Progreso: 2050/12408 archivos procesados
[scanner] ⏳ Progreso: 2060/12408 archivos procesados
[scanner] ⏳ Progreso: 2070/12408 archivos procesados
[scanner] ⏳ Progreso: 2080/12408 archivos procesados
[scanner] ⏳ Progreso: 2090/12408 archivos procesados
[scanner] ⏳ Progreso: 2100/12408 archivos procesados
[scanner] ⏳ Progreso: 2110/12408 archivos procesados
[scanner] ⏳ Progreso: 2120/12408 archivos procesados
[scanner] ⏳ Progreso: 2130/12408 archivos procesados
[scanner] ⏳ Progreso: 2140/12408 archivos procesados
[scanner] ⏳ Progreso: 2150/12408 archivos procesados
[scanner] ⏳ Progreso: 2160/12408 archivos procesados
[scanner] ⏳ Progreso: 2170/12408 archivos procesados
[scanner] ⏳ Progreso: 2180/12408 archivos procesados
[scanner] ⏳ Progreso: 2190/12408 archivos procesados
[scanner] ⏳ Progreso: 2200/12408 archivos procesados
[scanner] ⏳ Progreso: 2210/12408 archivos procesados
[scanner] ⏳ Progreso: 2220/12408 archivos procesados
[scanner] ⏳ Progreso: 2230/12408 archivos procesados
[scanner] ⏳ Progreso: 2240/12408 archivos procesados
[scanner] ⏳ Progreso: 2250/12408 archivos procesados
[scanner] ⏳ Progreso: 2260/12408 archivos procesados
[scanner] ⏳ Progreso: 2270/12408 archivos procesados
[scanner] ⏳ Progreso: 2280/12408 archivos procesados
[scanner] ⏳ Progreso: 2290/12408 archivos procesados
[scanner] ⏳ Progreso: 2300/12408 archivos procesados
[scanner] ⏳ Progreso: 2310/12408 archivos procesados
[scanner] ⏳ Progreso: 2320/12408 archivos procesados
[scanner] ⏳ Progreso: 2330/12408 archivos procesados
[scanner] ⏳ Progreso: 2340/12408 archivos procesados
[scanner] ⏳ Progreso: 2350/12408 archivos procesados
[scanner] ⏳ Progreso: 2360/12408 archivos procesados
[scanner] ⏳ Progreso: 2370/12408 archivos procesados
[scanner] ⏳ Progreso: 2380/12408 archivos procesados
[scanner] ⏳ Progreso: 2390/12408 archivos procesados
[scanner] ⏳ Progreso: 2400/12408 archivos procesados
[scanner] ⏳ Progreso: 2410/12408 archivos procesados
[scanner] ⏳ Progreso: 2420/12408 archivos procesados
[scanner] ⏳ Progreso: 2430/12408 archivos procesados
[scanner] ⏳ Progreso: 2440/12408 archivos procesados
[scanner] ⏳ Progreso: 2450/12408 archivos procesados
[scanner] ⏳ Progreso: 2460/12408 archivos procesados
[scanner] ⏳ Progreso: 2470/12408 archivos procesados
[scanner] ⏳ Progreso: 2480/12408 archivos procesados
[scanner] ⏳ Progreso: 2490/12408 archivos procesados
[scanner] ⏳ Progreso: 2500/12408 archivos procesados
[scanner] ⏳ Progreso: 2510/12408 archivos procesados
[scanner] ⏳ Progreso: 2520/12408 archivos procesados
[scanner] ⏳ Progreso: 2530/12408 archivos procesados
[scanner] ⏳ Progreso: 2540/12408 archivos procesados
[scanner] ⏳ Progreso: 2550/12408 archivos procesados
[scanner] ⏳ Progreso: 2560/12408 archivos procesados
[scanner] ⏳ Progreso: 2570/12408 archivos procesados
[scanner] ⏳ Progreso: 2580/12408 archivos procesados
[scanner] ⏳ Progreso: 2590/12408 archivos procesados
[scanner] ⏳ Progreso: 2600/12408 archivos procesados
[scanner] ⏳ Progreso: 2610/12408 archivos procesados
[scanner] ⏳ Progreso: 2620/12408 archivos procesados
[scanner] ⏳ Progreso: 2630/12408 archivos procesados
[scanner] ⏳ Progreso: 2640/12408 archivos procesados
[scanner] ⏳ Progreso: 2650/12408 archivos procesados
[scanner] ⏳ Progreso: 2660/12408 archivos procesados
[scanner] ⏳ Progreso: 2670/12408 archivos procesados
[scanner] ⏳ Progreso: 2680/12408 archivos procesados
[scanner] ⏳ Progreso: 2690/12408 archivos procesados
[scanner] ⏳ Progreso: 2700/12408 archivos procesados
[scanner] ⏳ Progreso: 2710/12408 archivos procesados
[scanner] ⏳ Progreso: 2720/12408 archivos procesados
[scanner] ⏳ Progreso: 2730/12408 archivos procesados
[scanner] ⏳ Progreso: 2740/12408 archivos procesados
[scanner] ⏳ Progreso: 2750/12408 archivos procesados
[scanner] ⏳ Progreso: 2760/12408 archivos procesados
[scanner] ⏳ Progreso: 2770/12408 archivos procesados
[scanner] ⏳ Progreso: 2780/12408 archivos procesados
[scanner] ⏳ Progreso: 2790/12408 archivos procesados
[scanner] ⏳ Progreso: 2800/12408 archivos procesados
[scanner] ⏳ Progreso: 2810/12408 archivos procesados
[scanner] ⏳ Progreso: 2820/12408 archivos procesados
[scanner] ⏳ Progreso: 2830/12408 archivos procesados
[scanner] ⏳ Progreso: 2840/12408 archivos procesados
[scanner] ⏳ Progreso: 2850/12408 archivos procesados
[scanner] ⏳ Progreso: 2860/12408 archivos procesados
[scanner] ⏳ Progreso: 2870/12408 archivos procesados
[scanner] ⏳ Progreso: 2880/12408 archivos procesados
[scanner] ⏳ Progreso: 2890/12408 archivos procesados
[scanner] ⏳ Progreso: 2900/12408 archivos procesados
[scanner] ⏳ Progreso: 2910/12408 archivos procesados
[scanner] ⏳ Progreso: 2920/12408 archivos procesados
[scanner] ⏳ Progreso: 2930/12408 archivos procesados
[scanner] ⏳ Progreso: 2940/12408 archivos procesados
[scanner] ⏳ Progreso: 2950/12408 archivos procesados
[scanner] ⏳ Progreso: 2960/12408 archivos procesados
[scanner] ⏳ Progreso: 2970/12408 archivos procesados
[scanner] ⏳ Progreso: 2980/12408 archivos procesados
[scanner] ⏳ Progreso: 2990/12408 archivos procesados
[scanner] ⏳ Progreso: 3000/12408 archivos procesados
[scanner] ⏳ Progreso: 3010/12408 archivos procesados
[scanner] ⏳ Progreso: 3020/12408 archivos procesados
[scanner] ⏳ Progreso: 3030/12408 archivos procesados
[scanner] ⏳ Progreso: 3040/12408 archivos procesados
[scanner] ⏳ Progreso: 3050/12408 archivos procesados
[scanner] ⏳ Progreso: 3060/12408 archivos procesados
[scanner] ⏳ Progreso: 3070/12408 archivos procesados
[scanner] ⏳ Progreso: 3080/12408 archivos procesados
[scanner] ⏳ Progreso: 3090/12408 archivos procesados
[scanner] ⏳ Progreso: 3100/12408 archivos procesados
[scanner] ⏳ Progreso: 3110/12408 archivos procesados
[scanner] ⏳ Progreso: 3120/12408 archivos procesados
[scanner] ⏳ Progreso: 3130/12408 archivos procesados
[scanner] ⏳ Progreso: 3140/12408 archivos procesados
[scanner] ⏳ Progreso: 3150/12408 archivos procesados
[scanner] ⏳ Progreso: 3160/12408 archivos procesados
[scanner] ⏳ Progreso: 3170/12408 archivos procesados
[scanner] ⏳ Progreso: 3180/12408 archivos procesados
[scanner] ⏳ Progreso: 3190/12408 archivos procesados
[scanner] ⏳ Progreso: 3200/12408 archivos procesados
[scanner] ⏳ Progreso: 3210/12408 archivos procesados
[scanner] ⏳ Progreso: 3220/12408 archivos procesados
[scanner] ⏳ Progreso: 3230/12408 archivos procesados
[scanner] ⏳ Progreso: 3240/12408 archivos procesados
[scanner] ⏳ Progreso: 3250/12408 archivos procesados
[scanner] ⏳ Progreso: 3260/12408 archivos procesados
[scanner] ⏳ Progreso: 3270/12408 archivos procesados
[scanner] ⏳ Progreso: 3280/12408 archivos procesados
[scanner] ⏳ Progreso: 3290/12408 archivos procesados
[scanner] ⏳ Progreso: 3300/12408 archivos procesados
[scanner] ⏳ Progreso: 3310/12408 archivos procesados
[scanner] ⏳ Progreso: 3320/12408 archivos procesados
[scanner] ⏳ Progreso: 3330/12408 archivos procesados
[scanner] ⏳ Progreso: 3340/12408 archivos procesados
[scanner] ⏳ Progreso: 3350/12408 archivos procesados
[scanner] ⏳ Progreso: 3360/12408 archivos procesados
[scanner] ⏳ Progreso: 3370/12408 archivos procesados
[scanner] ⏳ Progreso: 3380/12408 archivos procesados
[scanner] ⏳ Progreso: 3390/12408 archivos procesados
[scanner] ⏳ Progreso: 3400/12408 archivos procesados
[scanner] ⏳ Progreso: 3410/12408 archivos procesados
[scanner] ⏳ Progreso: 3420/12408 archivos procesados
[scanner] ⏳ Progreso: 3430/12408 archivos procesados
[scanner] ⏳ Progreso: 3440/12408 archivos procesados
[scanner] ⏳ Progreso: 3450/12408 archivos procesados
[scanner] ⏳ Progreso: 3460/12408 archivos procesados
[scanner] ⏳ Progreso: 3470/12408 archivos procesados
[scanner] ⏳ Progreso: 3480/12408 archivos procesados
[scanner] ⏳ Progreso: 3490/12408 archivos procesados
[scanner] ⏳ Progreso: 3500/12408 archivos procesados
[scanner] ⏳ Progreso: 3510/12408 archivos procesados
[scanner] ⏳ Progreso: 3520/12408 archivos procesados
[scanner] ⏳ Progreso: 3530/12408 archivos procesados
[scanner] ⏳ Progreso: 3540/12408 archivos procesados
[scanner] ⏳ Progreso: 3550/12408 archivos procesados
[scanner] ⏳ Progreso: 3560/12408 archivos procesados
[scanner] ⏳ Progreso: 3570/12408 archivos procesados
[scanner] ⏳ Progreso: 3580/12408 archivos procesados
[scanner] ⏳ Progreso: 3590/12408 archivos procesados
[scanner] ⏳ Progreso: 3600/12408 archivos procesados
[scanner] ⏳ Progreso: 3610/12408 archivos procesados
[scanner] ⏳ Progreso: 3620/12408 archivos procesados
[scanner] ⏳ Progreso: 3630/12408 archivos procesados
[scanner] ⏳ Progreso: 3640/12408 archivos procesados
[scanner] ⏳ Progreso: 3650/12408 archivos procesados
[scanner] ⏳ Progreso: 3660/12408 archivos procesados
[scanner] ⏳ Progreso: 3670/12408 archivos procesados
[scanner] ⏳ Progreso: 3680/12408 archivos procesados
[scanner] ⏳ Progreso: 3690/12408 archivos procesados
[scanner] ⏳ Progreso: 3700/12408 archivos procesados
[scanner] ⏳ Progreso: 3710/12408 archivos procesados
[scanner] ⏳ Progreso: 3720/12408 archivos procesados
[scanner] ⏳ Progreso: 3730/12408 archivos procesados
[scanner] ⏳ Progreso: 3740/12408 archivos procesados
[scanner] ⏳ Progreso: 3750/12408 archivos procesados
[scanner] ⏳ Progreso: 3760/12408 archivos procesados
[scanner] ⏳ Progreso: 3770/12408 archivos procesados
[scanner] ⏳ Progreso: 3780/12408 archivos procesados
[scanner] ⏳ Progreso: 3790/12408 archivos procesados
[scanner] ⏳ Progreso: 3800/12408 archivos procesados
[scanner] ⏳ Progreso: 3810/12408 archivos procesados
[scanner] ⏳ Progreso: 3820/12408 archivos procesados
[scanner] ⏳ Progreso: 3830/12408 archivos procesados
[scanner] ⏳ Progreso: 3840/12408 archivos procesados
[scanner] ⏳ Progreso: 3850/12408 archivos procesados
[scanner] ⏳ Progreso: 3860/12408 archivos procesados
[scanner] ⏳ Progreso: 3870/12408 archivos procesados
[scanner] ⏳ Progreso: 3880/12408 archivos procesados
[scanner] ⏳ Progreso: 3890/12408 archivos procesados
[scanner] ⏳ Progreso: 3900/12408 archivos procesados
[scanner] ⏳ Progreso: 3910/12408 archivos procesados
[scanner] ⏳ Progreso: 3920/12408 archivos procesados
[scanner] ⏳ Progreso: 3930/12408 archivos procesados
[scanner] ⏳ Progreso: 3940/12408 archivos procesados
[scanner] ⏳ Progreso: 3950/12408 archivos procesados
[scanner] ⏳ Progreso: 3960/12408 archivos procesados
[scanner] ⏳ Progreso: 3970/12408 archivos procesados
[scanner] ⏳ Progreso: 3980/12408 archivos procesados
[scanner] ⏳ Progreso: 3990/12408 archivos procesados
[scanner] ⏳ Progreso: 4000/12408 archivos procesados
[scanner] ⏳ Progreso: 4010/12408 archivos procesados
[scanner] ⏳ Progreso: 4020/12408 archivos procesados
[scanner] ⏳ Progreso: 4030/12408 archivos procesados
[scanner] ⏳ Progreso: 4040/12408 archivos procesados
[scanner] ⏳ Progreso: 4050/12408 archivos procesados
[scanner] ⏳ Progreso: 4060/12408 archivos procesados
[scanner] ⏳ Progreso: 4070/12408 archivos procesados
[scanner] ⏳ Progreso: 4080/12408 archivos procesados
[scanner] ⏳ Progreso: 4090/12408 archivos procesados
[scanner] ⏳ Progreso: 4100/12408 archivos procesados
[scanner] ⏳ Progreso: 4110/12408 archivos procesados
[scanner] ⏳ Progreso: 4120/12408 archivos procesados
[scanner] ⏳ Progreso: 4130/12408 archivos procesados
[scanner] ⏳ Progreso: 4140/12408 archivos procesados
[scanner] ⏳ Progreso: 4150/12408 archivos procesados
[scanner] ⏳ Progreso: 4160/12408 archivos procesados
[scanner] ⏳ Progreso: 4170/12408 archivos procesados
[scanner] ⏳ Progreso: 4180/12408 archivos procesados
[scanner] ⏳ Progreso: 4190/12408 archivos procesados
[scanner] ⏳ Progreso: 4200/12408 archivos procesados
[scanner] ⏳ Progreso: 4210/12408 archivos procesados
[scanner] ⏳ Progreso: 4220/12408 archivos procesados
[scanner] ⏳ Progreso: 4230/12408 archivos procesados
[scanner] ⏳ Progreso: 4240/12408 archivos procesados
[scanner] ⏳ Progreso: 4250/12408 archivos procesados
[scanner] ⏳ Progreso: 4260/12408 archivos procesados
[scanner] ⏳ Progreso: 4270/12408 archivos procesados
[scanner] ⏳ Progreso: 4280/12408 archivos procesados
[scanner] ⏳ Progreso: 4290/12408 archivos procesados
[scanner] ⏳ Progreso: 4300/12408 archivos procesados
[scanner] ⏳ Progreso: 4310/12408 archivos procesados
[scanner] ⏳ Progreso: 4320/12408 archivos procesados
[scanner] ⏳ Progreso: 4330/12408 archivos procesados
[scanner] ⏳ Progreso: 4340/12408 archivos procesados
[scanner] ⏳ Progreso: 4350/12408 archivos procesados
[scanner] ⏳ Progreso: 4360/12408 archivos procesados
[scanner] ⏳ Progreso: 4370/12408 archivos procesados
[scanner] ⏳ Progreso: 4380/12408 archivos procesados
[scanner] ⏳ Progreso: 4390/12408 archivos procesados
[scanner] ⏳ Progreso: 4400/12408 archivos procesados
[scanner] ⏳ Progreso: 4410/12408 archivos procesados
[scanner] ⏳ Progreso: 4420/12408 archivos procesados
[scanner] ⏳ Progreso: 4430/12408 archivos procesados
[scanner] ⏳ Progreso: 4440/12408 archivos procesados
[scanner] ⏳ Progreso: 4450/12408 archivos procesados
[scanner] ⏳ Progreso: 4460/12408 archivos procesados
[scanner] ⏳ Progreso: 4470/12408 archivos procesados
[scanner] ⏳ Progreso: 4480/12408 archivos procesados
[scanner] ⏳ Progreso: 4490/12408 archivos procesados
[scanner] ⏳ Progreso: 4500/12408 archivos procesados
[scanner] ⏳ Progreso: 4510/12408 archivos procesados
[scanner] ⏳ Progreso: 4520/12408 archivos procesados
[scanner] ⏳ Progreso: 4530/12408 archivos procesados
[scanner] ⏳ Progreso: 4540/12408 archivos procesados
[scanner] ⏳ Progreso: 4550/12408 archivos procesados
[scanner] ⏳ Progreso: 4560/12408 archivos procesados
[scanner] ⏳ Progreso: 4570/12408 archivos procesados
[scanner] ⏳ Progreso: 4580/12408 archivos procesados
[scanner] ⏳ Progreso: 4590/12408 archivos procesados
[scanner] ⏳ Progreso: 4600/12408 archivos procesados
[scanner] ⏳ Progreso: 4610/12408 archivos procesados
[scanner] ⏳ Progreso: 4620/12408 archivos procesados
[scanner] ⏳ Progreso: 4630/12408 archivos procesados
[scanner] ⏳ Progreso: 4640/12408 archivos procesados
[scanner] ⏳ Progreso: 4650/12408 archivos procesados
[scanner] ⏳ Progreso: 4660/12408 archivos procesados
[scanner] ⏳ Progreso: 4670/12408 archivos procesados
[scanner] ⏳ Progreso: 4680/12408 archivos procesados
[scanner] ⏳ Progreso: 4690/12408 archivos procesados
[scanner] ⏳ Progreso: 4700/12408 archivos procesados
[scanner] ⏳ Progreso: 4710/12408 archivos procesados
[scanner] ⏳ Progreso: 4720/12408 archivos procesados
[scanner] ⏳ Progreso: 4730/12408 archivos procesados
[scanner] ⏳ Progreso: 4740/12408 archivos procesados
[scanner] ⏳ Progreso: 4750/12408 archivos procesados
[scanner] ⏳ Progreso: 4760/12408 archivos procesados
[scanner] ⏳ Progreso: 4770/12408 archivos procesados
[scanner] ⏳ Progreso: 4780/12408 archivos procesados
[scanner] ⏳ Progreso: 4790/12408 archivos procesados
[scanner] ⏳ Progreso: 4800/12408 archivos procesados
[scanner] ⏳ Progreso: 4810/12408 archivos procesados
[scanner] ⏳ Progreso: 4820/12408 archivos procesados
[scanner] ⏳ Progreso: 4830/12408 archivos procesados
[scanner] ⏳ Progreso: 4840/12408 archivos procesados
[scanner] ⏳ Progreso: 4850/12408 archivos procesados
[scanner] ⏳ Progreso: 4860/12408 archivos procesados
[scanner] ⏳ Progreso: 4870/12408 archivos procesados
[scanner] ⏳ Progreso: 4880/12408 archivos procesados
[scanner] ⏳ Progreso: 4890/12408 archivos procesados
[scanner] ⏳ Progreso: 4900/12408 archivos procesados
[scanner] ⏳ Progreso: 4910/12408 archivos procesados
[scanner] ⏳ Progreso: 4920/12408 archivos procesados
[scanner] ⏳ Progreso: 4930/12408 archivos procesados
[scanner] ⏳ Progreso: 4940/12408 archivos procesados
[scanner] ⏳ Progreso: 4950/12408 archivos procesados
[scanner] ⏳ Progreso: 4960/12408 archivos procesados
[scanner] ⏳ Progreso: 4970/12408 archivos procesados
[scanner] ⏳ Progreso: 4980/12408 archivos procesados
[scanner] ⏳ Progreso: 4990/12408 archivos procesados
[scanner] ⏳ Progreso: 5000/12408 archivos procesados
[scanner] ⏳ Progreso: 5010/12408 archivos procesados
[scanner] ⏳ Progreso: 5020/12408 archivos procesados
[scanner] ⏳ Progreso: 5030/12408 archivos procesados
[scanner] ⏳ Progreso: 5040/12408 archivos procesados
[scanner] ⏳ Progreso: 5050/12408 archivos procesados
[scanner] ⏳ Progreso: 5060/12408 archivos procesados
[scanner] ⏳ Progreso: 5070/12408 archivos procesados
[scanner] ⏳ Progreso: 5080/12408 archivos procesados
[scanner] ⏳ Progreso: 5090/12408 archivos procesados
[scanner] ⏳ Progreso: 5100/12408 archivos procesados
[scanner] ⏳ Progreso: 5110/12408 archivos procesados
[scanner] ⏳ Progreso: 5120/12408 archivos procesados
[scanner] ⏳ Progreso: 5130/12408 archivos procesados
[scanner] ⏳ Progreso: 5140/12408 archivos procesados
[scanner] ⏳ Progreso: 5150/12408 archivos procesados
[scanner] ⏳ Progreso: 5160/12408 archivos procesados
[scanner] ⏳ Progreso: 5170/12408 archivos procesados
[scanner] ⏳ Progreso: 5180/12408 archivos procesados
[scanner] ⏳ Progreso: 5190/12408 archivos procesados
[scanner] ⏳ Progreso: 5200/12408 archivos procesados
[scanner] ⏳ Progreso: 5210/12408 archivos procesados
[scanner] ⏳ Progreso: 5220/12408 archivos procesados
[scanner] ⏳ Progreso: 5230/12408 archivos procesados
[scanner] ⏳ Progreso: 5240/12408 archivos procesados
[scanner] ⏳ Progreso: 5250/12408 archivos procesados
[scanner] ⏳ Progreso: 5260/12408 archivos procesados
[scanner] ⏳ Progreso: 5270/12408 archivos procesados
[scanner] ⏳ Progreso: 5280/12408 archivos procesados
[scanner] ⏳ Progreso: 5290/12408 archivos procesados
[scanner] ⏳ Progreso: 5300/12408 archivos procesados
[scanner] ⏳ Progreso: 5310/12408 archivos procesados
[scanner] ⏳ Progreso: 5320/12408 archivos procesados
[scanner] ⏳ Progreso: 5330/12408 archivos procesados
[scanner] ⏳ Progreso: 5340/12408 archivos procesados
[scanner] ⏳ Progreso: 5350/12408 archivos procesados
[scanner] ⏳ Progreso: 5360/12408 archivos procesados
[scanner] ⏳ Progreso: 5370/12408 archivos procesados
[scanner] ⏳ Progreso: 5380/12408 archivos procesados
[scanner] ⏳ Progreso: 5390/12408 archivos procesados
[scanner] ⏳ Progreso: 5400/12408 archivos procesados
[scanner] ⏳ Progreso: 5410/12408 archivos procesados
[scanner] ⏳ Progreso: 5420/12408 archivos procesados
[scanner] ⏳ Progreso: 5430/12408 archivos procesados
[scanner] ⏳ Progreso: 5440/12408 archivos procesados
[scanner] ⏳ Progreso: 5450/12408 archivos procesados
[scanner] ⏳ Progreso: 5460/12408 archivos procesados
[scanner] ⏳ Progreso: 5470/12408 archivos procesados
[scanner] ⏳ Progreso: 5480/12408 archivos procesados
[scanner] ⏳ Progreso: 5490/12408 archivos procesados
[scanner] ⏳ Progreso: 5500/12408 archivos procesados
[scanner] ⏳ Progreso: 5510/12408 archivos procesados
[scanner] ⏳ Progreso: 5520/12408 archivos procesados
[scanner] ⏳ Progreso: 5530/12408 archivos procesados
[scanner] ⏳ Progreso: 5540/12408 archivos procesados
[scanner] ⏳ Progreso: 5550/12408 archivos procesados
[scanner] ⏳ Progreso: 5560/12408 archivos procesados
[scanner] ⏳ Progreso: 5570/12408 archivos procesados
[scanner] ⏳ Progreso: 5580/12408 archivos procesados
[scanner] ⏳ Progreso: 5590/12408 archivos procesados
[scanner] ⏳ Progreso: 5600/12408 archivos procesados
[scanner] ⏳ Progreso: 5610/12408 archivos procesados
[scanner] ⏳ Progreso: 5620/12408 archivos procesados
[scanner] ⏳ Progreso: 5630/12408 archivos procesados
[scanner] ⏳ Progreso: 5640/12408 archivos procesados
[scanner] ⏳ Progreso: 5650/12408 archivos procesados
[scanner] ⏳ Progreso: 5660/12408 archivos procesados
[scanner] ⏳ Progreso: 5670/12408 archivos procesados
[scanner] ⏳ Progreso: 5680/12408 archivos procesados
[scanner] ⏳ Progreso: 5690/12408 archivos procesados
[scanner] ⏳ Progreso: 5700/12408 archivos procesados
[scanner] ⏳ Progreso: 5710/12408 archivos procesados
[scanner] ⏳ Progreso: 5720/12408 archivos procesados
[scanner] ⏳ Progreso: 5730/12408 archivos procesados
[scanner] ⏳ Progreso: 5740/12408 archivos procesados
[scanner] ⏳ Progreso: 5750/12408 archivos procesados
[scanner] ⏳ Progreso: 5760/12408 archivos procesados
[scanner] ⏳ Progreso: 5770/12408 archivos procesados
[scanner] ⏳ Progreso: 5780/12408 archivos procesados
[scanner] ⏳ Progreso: 5790/12408 archivos procesados
[scanner] ⏳ Progreso: 5800/12408 archivos procesados
[scanner] ⏳ Progreso: 5810/12408 archivos procesados
[scanner] ⏳ Progreso: 5820/12408 archivos procesados
[scanner] ⏳ Progreso: 5830/12408 archivos procesados
[scanner] ⏳ Progreso: 5840/12408 archivos procesados
[scanner] ⏳ Progreso: 5850/12408 archivos procesados
[scanner] ⏳ Progreso: 5860/12408 archivos procesados
[scanner] ⏳ Progreso: 5870/12408 archivos procesados
[scanner] ⏳ Progreso: 5880/12408 archivos procesados
[scanner] ⏳ Progreso: 5890/12408 archivos procesados
[scanner] ⏳ Progreso: 5900/12408 archivos procesados
[scanner] ⏳ Progreso: 5910/12408 archivos procesados
[scanner] ⏳ Progreso: 5920/12408 archivos procesados
[scanner] ⏳ Progreso: 5930/12408 archivos procesados
[scanner] ⏳ Progreso: 5940/12408 archivos procesados
[scanner] ⏳ Progreso: 5950/12408 archivos procesados
[scanner] ⏳ Progreso: 5960/12408 archivos procesados
[scanner] ⏳ Progreso: 5970/12408 archivos procesados
[scanner] ⏳ Progreso: 5980/12408 archivos procesados
[scanner] ⏳ Progreso: 5990/12408 archivos procesados
[scanner] ⏳ Progreso: 6000/12408 archivos procesados
[scanner] ⏳ Progreso: 6010/12408 archivos procesados
[scanner] ⏳ Progreso: 6020/12408 archivos procesados
[scanner] ⏳ Progreso: 6030/12408 archivos procesados
[scanner] ⏳ Progreso: 6040/12408 archivos procesados
[scanner] ⏳ Progreso: 6050/12408 archivos procesados
[scanner] ⏳ Progreso: 6060/12408 archivos procesados
[scanner] ⏳ Progreso: 6070/12408 archivos procesados
[scanner] ⏳ Progreso: 6080/12408 archivos procesados
[scanner] ⏳ Progreso: 6090/12408 archivos procesados
[scanner] ⏳ Progreso: 6100/12408 archivos procesados
[scanner] ⏳ Progreso: 6110/12408 archivos procesados
[scanner] ⏳ Progreso: 6120/12408 archivos procesados
[scanner] ⏳ Progreso: 6130/12408 archivos procesados
[scanner] ⏳ Progreso: 6140/12408 archivos procesados
[scanner] ⏳ Progreso: 6150/12408 archivos procesados
[scanner] ⏳ Progreso: 6160/12408 archivos procesados
[scanner] ⏳ Progreso: 6170/12408 archivos procesados
[scanner] ⏳ Progreso: 6180/12408 archivos procesados
[scanner] ⏳ Progreso: 6190/12408 archivos procesados
[scanner] ⏳ Progreso: 6200/12408 archivos procesados
[scanner] ⏳ Progreso: 6210/12408 archivos procesados
[scanner] ⏳ Progreso: 6220/12408 archivos procesados
[scanner] ⏳ Progreso: 6230/12408 archivos procesados
[scanner] ⏳ Progreso: 6240/12408 archivos procesados
[scanner] ⏳ Progreso: 6250/12408 archivos procesados
[scanner] ⏳ Progreso: 6260/12408 archivos procesados
[scanner] ⏳ Progreso: 6270/12408 archivos procesados
[scanner] ⏳ Progreso: 6280/12408 archivos procesados
[scanner] ⏳ Progreso: 6290/12408 archivos procesados
[scanner] ⏳ Progreso: 6300/12408 archivos procesados
[scanner] ⏳ Progreso: 6310/12408 archivos procesados
[scanner] ⏳ Progreso: 6320/12408 archivos procesados
[scanner] ⏳ Progreso: 6330/12408 archivos procesados
[scanner] ⏳ Progreso: 6340/12408 archivos procesados
[scanner] ⏳ Progreso: 6350/12408 archivos procesados
[scanner] ⏳ Progreso: 6360/12408 archivos procesados
[scanner] ⏳ Progreso: 6370/12408 archivos procesados
[scanner] ⏳ Progreso: 6380/12408 archivos procesados
[scanner] ⏳ Progreso: 6390/12408 archivos procesados
[scanner] ⏳ Progreso: 6400/12408 archivos procesados
[scanner] ⏳ Progreso: 6410/12408 archivos procesados
[scanner] ⏳ Progreso: 6420/12408 archivos procesados
[scanner] ⏳ Progreso: 6430/12408 archivos procesados
[scanner] ⏳ Progreso: 6440/12408 archivos procesados
[scanner] ⏳ Progreso: 6450/12408 archivos procesados
[scanner] ⏳ Progreso: 6460/12408 archivos procesados
[scanner] ⏳ Progreso: 6470/12408 archivos procesados
[scanner] ⏳ Progreso: 6480/12408 archivos procesados
[scanner] ⏳ Progreso: 6490/12408 archivos procesados
[scanner] ⏳ Progreso: 6500/12408 archivos procesados
[scanner] ⏳ Progreso: 6510/12408 archivos procesados
[scanner] ⏳ Progreso: 6520/12408 archivos procesados
[scanner] ⏳ Progreso: 6530/12408 archivos procesados
[scanner] ⏳ Progreso: 6540/12408 archivos procesados
[scanner] ⏳ Progreso: 6550/12408 archivos procesados
[scanner] ⏳ Progreso: 6560/12408 archivos procesados
[scanner] ⏳ Progreso: 6570/12408 archivos procesados
[scanner] ⏳ Progreso: 6580/12408 archivos procesados
[scanner] ⏳ Progreso: 6590/12408 archivos procesados
[scanner] ⏳ Progreso: 6600/12408 archivos procesados
[scanner] ⏳ Progreso: 6610/12408 archivos procesados
[scanner] ⏳ Progreso: 6620/12408 archivos procesados
[scanner] ⏳ Progreso: 6630/12408 archivos procesados
[scanner] ⏳ Progreso: 6640/12408 archivos procesados
[scanner] ⏳ Progreso: 6650/12408 archivos procesados
[scanner] ⏳ Progreso: 6660/12408 archivos procesados
[scanner] ⏳ Progreso: 6670/12408 archivos procesados
[scanner] ⏳ Progreso: 6680/12408 archivos procesados
[scanner] ⏳ Progreso: 6690/12408 archivos procesados
[scanner] ⏳ Progreso: 6700/12408 archivos procesados
[scanner] ⏳ Progreso: 6710/12408 archivos procesados
[scanner] ⏳ Progreso: 6720/12408 archivos procesados
[scanner] ⏳ Progreso: 6730/12408 archivos procesados
[scanner] ⏳ Progreso: 6740/12408 archivos procesados
[scanner] ⏳ Progreso: 6750/12408 archivos procesados
[scanner] ⏳ Progreso: 6760/12408 archivos procesados
[scanner] ⏳ Progreso: 6770/12408 archivos procesados
[scanner] ⏳ Progreso: 6780/12408 archivos procesados
[scanner] ⏳ Progreso: 6790/12408 archivos procesados
[scanner] ⏳ Progreso: 6800/12408 archivos procesados
[scanner] ⏳ Progreso: 6810/12408 archivos procesados
[scanner] ⏳ Progreso: 6820/12408 archivos procesados
[scanner] ⏳ Progreso: 6830/12408 archivos procesados
[scanner] ⏳ Progreso: 6840/12408 archivos procesados
[scanner] ⏳ Progreso: 6850/12408 archivos procesados
[scanner] ⏳ Progreso: 6860/12408 archivos procesados
[scanner] ⏳ Progreso: 6870/12408 archivos procesados
[scanner] ⏳ Progreso: 6880/12408 archivos procesados
[scanner] ⏳ Progreso: 6890/12408 archivos procesados
[scanner] ⏳ Progreso: 6900/12408 archivos procesados
[scanner] ⏳ Progreso: 6910/12408 archivos procesados
[scanner] ⏳ Progreso: 6920/12408 archivos procesados
[scanner] ⏳ Progreso: 6930/12408 archivos procesados
[scanner] ⏳ Progreso: 6940/12408 archivos procesados
[scanner] ⏳ Progreso: 6950/12408 archivos procesados
[scanner] ⏳ Progreso: 6960/12408 archivos procesados
[scanner] ⏳ Progreso: 6970/12408 archivos procesados
[scanner] ⏳ Progreso: 6980/12408 archivos procesados
[scanner] ⏳ Progreso: 6990/12408 archivos procesados
[scanner] ⏳ Progreso: 7000/12408 archivos procesados
[scanner] ⏳ Progreso: 7010/12408 archivos procesados
[scanner] ⏳ Progreso: 7020/12408 archivos procesados
[scanner] ⏳ Progreso: 7030/12408 archivos procesados
[scanner] ⏳ Progreso: 7040/12408 archivos procesados
[scanner] ⏳ Progreso: 7050/12408 archivos procesados
[scanner] ⏳ Progreso: 7060/12408 archivos procesados
[scanner] ⏳ Progreso: 7070/12408 archivos procesados
[scanner] ⏳ Progreso: 7080/12408 archivos procesados
[scanner] ⏳ Progreso: 7090/12408 archivos procesados
[scanner] ⏳ Progreso: 7100/12408 archivos procesados
[scanner] ⏳ Progreso: 7110/12408 archivos procesados
[scanner] ⏳ Progreso: 7120/12408 archivos procesados
[scanner] ⏳ Progreso: 7130/12408 archivos procesados
[scanner] ⏳ Progreso: 7140/12408 archivos procesados
[scanner] ⏳ Progreso: 7150/12408 archivos procesados
[scanner] ⏳ Progreso: 7160/12408 archivos procesados
[scanner] ⏳ Progreso: 7170/12408 archivos procesados
[scanner] ⏳ Progreso: 7180/12408 archivos procesados
[scanner] ⏳ Progreso: 7190/12408 archivos procesados
[scanner] ⏳ Progreso: 7200/12408 archivos procesados
[scanner] ⏳ Progreso: 7210/12408 archivos procesados
[scanner] ⏳ Progreso: 7220/12408 archivos procesados
[scanner] ⏳ Progreso: 7230/12408 archivos procesados
[scanner] ⏳ Progreso: 7240/12408 archivos procesados
[scanner] ⏳ Progreso: 7250/12408 archivos procesados
[scanner] ⏳ Progreso: 7260/12408 archivos procesados
[scanner] ⏳ Progreso: 7270/12408 archivos procesados
[scanner] ⏳ Progreso: 7280/12408 archivos procesados
[scanner] ⏳ Progreso: 7290/12408 archivos procesados
[scanner] ⏳ Progreso: 7300/12408 archivos procesados
[scanner] ⏳ Progreso: 7310/12408 archivos procesados
[scanner] ⏳ Progreso: 7320/12408 archivos procesados
[scanner] ⏳ Progreso: 7330/12408 archivos procesados
[scanner] ⏳ Progreso: 7340/12408 archivos procesados
[scanner] ⏳ Progreso: 7350/12408 archivos procesados
[scanner] ⏳ Progreso: 7360/12408 archivos procesados
[scanner] ⏳ Progreso: 7370/12408 archivos procesados
[scanner] ⏳ Progreso: 7380/12408 archivos procesados
[scanner] ⏳ Progreso: 7390/12408 archivos procesados
[scanner] ⏳ Progreso: 7400/12408 archivos procesados
[scanner] ⏳ Progreso: 7410/12408 archivos procesados
[scanner] ⏳ Progreso: 7420/12408 archivos procesados
[scanner] ⏳ Progreso: 7430/12408 archivos procesados
[scanner] ⏳ Progreso: 7440/12408 archivos procesados
[scanner] ⏳ Progreso: 7450/12408 archivos procesados
[scanner] ⏳ Progreso: 7460/12408 archivos procesados
[scanner] ⏳ Progreso: 7470/12408 archivos procesados
[scanner] ⏳ Progreso: 7480/12408 archivos procesados
[scanner] ⏳ Progreso: 7490/12408 archivos procesados
[scanner] ⏳ Progreso: 7500/12408 archivos procesados
[scanner] ⏳ Progreso: 7510/12408 archivos procesados
[scanner] ⏳ Progreso: 7520/12408 archivos procesados
[scanner] ⏳ Progreso: 7530/12408 archivos procesados
[scanner] ⏳ Progreso: 7540/12408 archivos procesados
[scanner] ⏳ Progreso: 7550/12408 archivos procesados
[scanner] ⏳ Progreso: 7560/12408 archivos procesados
[scanner] ⏳ Progreso: 7570/12408 archivos procesados
[scanner] ⏳ Progreso: 7580/12408 archivos procesados
[scanner] ⏳ Progreso: 7590/12408 archivos procesados
[scanner] ⏳ Progreso: 7600/12408 archivos procesados
[scanner] ⏳ Progreso: 7610/12408 archivos procesados
[scanner] ⏳ Progreso: 7620/12408 archivos procesados
[scanner] ⏳ Progreso: 7630/12408 archivos procesados
[scanner] ⏳ Progreso: 7640/12408 archivos procesados
[scanner] ⏳ Progreso: 7650/12408 archivos procesados
[scanner] ⏳ Progreso: 7660/12408 archivos procesados
[scanner] ⏳ Progreso: 7670/12408 archivos procesados
[scanner] ⏳ Progreso: 7680/12408 archivos procesados
[scanner] ⏳ Progreso: 7690/12408 archivos procesados
[scanner] ⏳ Progreso: 7700/12408 archivos procesados
[scanner] ⏳ Progreso: 7710/12408 archivos procesados
[scanner] ⏳ Progreso: 7720/12408 archivos procesados
[scanner] ⏳ Progreso: 7730/12408 archivos procesados
[scanner] ⏳ Progreso: 7740/12408 archivos procesados
[scanner] ⏳ Progreso: 7750/12408 archivos procesados
[scanner] ⏳ Progreso: 7760/12408 archivos procesados
[scanner] ⏳ Progreso: 7770/12408 archivos procesados
[scanner] ⏳ Progreso: 7780/12408 archivos procesados
[scanner] ⏳ Progreso: 7790/12408 archivos procesados
[scanner] ⏳ Progreso: 7800/12408 archivos procesados
[scanner] ⏳ Progreso: 7810/12408 archivos procesados
[scanner] ⏳ Progreso: 7820/12408 archivos procesados
[scanner] ⏳ Progreso: 7830/12408 archivos procesados
[scanner] ⏳ Progreso: 7840/12408 archivos procesados
[scanner] ⏳ Progreso: 7850/12408 archivos procesados
[scanner] ⏳ Progreso: 7860/12408 archivos procesados
[scanner] ⏳ Progreso: 7870/12408 archivos procesados
[scanner] ⏳ Progreso: 7880/12408 archivos procesados
[scanner] ⏳ Progreso: 7890/12408 archivos procesados
[scanner] ⏳ Progreso: 7900/12408 archivos procesados
[scanner] ⏳ Progreso: 7910/12408 archivos procesados
[scanner] ⏳ Progreso: 7920/12408 archivos procesados
[scanner] ⏳ Progreso: 7930/12408 archivos procesados
[scanner] ⏳ Progreso: 7940/12408 archivos procesados
[scanner] ⏳ Progreso: 7950/12408 archivos procesados
[scanner] ⏳ Progreso: 7960/12408 archivos procesados
[scanner] ⏳ Progreso: 7970/12408 archivos procesados
[scanner] ⏳ Progreso: 7980/12408 archivos procesados
[scanner] ⏳ Progreso: 7990/12408 archivos procesados
[scanner] ⏳ Progreso: 8000/12408 archivos procesados
[scanner] ⏳ Progreso: 8010/12408 archivos procesados
[scanner] ⏳ Progreso: 8020/12408 archivos procesados
[scanner] ⏳ Progreso: 8030/12408 archivos procesados
[scanner] ⏳ Progreso: 8040/12408 archivos procesados
[scanner] ⏳ Progreso: 8050/12408 archivos procesados
[scanner] ⏳ Progreso: 8060/12408 archivos procesados
[scanner] ⏳ Progreso: 8070/12408 archivos procesados
[scanner] ⏳ Progreso: 8080/12408 archivos procesados
[scanner] ⏳ Progreso: 8090/12408 archivos procesados
[scanner] ⏳ Progreso: 8100/12408 archivos procesados
[scanner] ⏳ Progreso: 8110/12408 archivos procesados
[scanner] ⏳ Progreso: 8120/12408 archivos procesados
[scanner] ⏳ Progreso: 8130/12408 archivos procesados
[scanner] ⏳ Progreso: 8140/12408 archivos procesados
[scanner] ⏳ Progreso: 8150/12408 archivos procesados
[scanner] ⏳ Progreso: 8160/12408 archivos procesados
[scanner] ⏳ Progreso: 8170/12408 archivos procesados
[scanner] ⏳ Progreso: 8180/12408 archivos procesados
[scanner] ⏳ Progreso: 8190/12408 archivos procesados
[scanner] ⏳ Progreso: 8200/12408 archivos procesados
[scanner] ⏳ Progreso: 8210/12408 archivos procesados
[scanner] ⏳ Progreso: 8220/12408 archivos procesados
[scanner] ⏳ Progreso: 8230/12408 archivos procesados
[scanner] ⏳ Progreso: 8240/12408 archivos procesados
[scanner] ⏳ Progreso: 8250/12408 archivos procesados
[scanner] ⏳ Progreso: 8260/12408 archivos procesados
[scanner] ⏳ Progreso: 8270/12408 archivos procesados
[scanner] ⏳ Progreso: 8280/12408 archivos procesados
[scanner] ⏳ Progreso: 8290/12408 archivos procesados
[scanner] ⏳ Progreso: 8300/12408 archivos procesados
[scanner] ⏳ Progreso: 8310/12408 archivos procesados
[scanner] ⏳ Progreso: 8320/12408 archivos procesados
[scanner] ⏳ Progreso: 8330/12408 archivos procesados
[scanner] ⏳ Progreso: 8340/12408 archivos procesados
[scanner] ⏳ Progreso: 8350/12408 archivos procesados
[scanner] ⏳ Progreso: 8360/12408 archivos procesados
[scanner] ⏳ Progreso: 8370/12408 archivos procesados
[scanner] ⏳ Progreso: 8380/12408 archivos procesados
[scanner] ⏳ Progreso: 8390/12408 archivos procesados
[scanner] ⏳ Progreso: 8400/12408 archivos procesados
[scanner] ⏳ Progreso: 8410/12408 archivos procesados
[scanner] ⏳ Progreso: 8420/12408 archivos procesados
[scanner] ⏳ Progreso: 8430/12408 archivos procesados
[scanner] ⏳ Progreso: 8440/12408 archivos procesados
[scanner] ⏳ Progreso: 8450/12408 archivos procesados
[scanner] ⏳ Progreso: 8460/12408 archivos procesados
[scanner] ⏳ Progreso: 8470/12408 archivos procesados
[scanner] ⏳ Progreso: 8480/12408 archivos procesados
[scanner] ⏳ Progreso: 8490/12408 archivos procesados
[scanner] ⏳ Progreso: 8500/12408 archivos procesados
[scanner] ⏳ Progreso: 8510/12408 archivos procesados
[scanner] ⏳ Progreso: 8520/12408 archivos procesados
[scanner] ⏳ Progreso: 8530/12408 archivos procesados
[scanner] ⏳ Progreso: 8540/12408 archivos procesados
[scanner] ⏳ Progreso: 8550/12408 archivos procesados
[scanner] ⏳ Progreso: 8560/12408 archivos procesados
[scanner] ⏳ Progreso: 8570/12408 archivos procesados
[scanner] ⏳ Progreso: 8580/12408 archivos procesados
[scanner] ⏳ Progreso: 8590/12408 archivos procesados
[scanner] ⏳ Progreso: 8600/12408 archivos procesados
[scanner] ⏳ Progreso: 8610/12408 archivos procesados
[scanner] ⏳ Progreso: 8620/12408 archivos procesados
[scanner] ⏳ Progreso: 8630/12408 archivos procesados
[scanner] ⏳ Progreso: 8640/12408 archivos procesados
[scanner] ⏳ Progreso: 8650/12408 archivos procesados
[scanner] ⏳ Progreso: 8660/12408 archivos procesados
[scanner] ⏳ Progreso: 8670/12408 archivos procesados
[scanner] ⏳ Progreso: 8680/12408 archivos procesados
[scanner] ⏳ Progreso: 8690/12408 archivos procesados
[scanner] ⏳ Progreso: 8700/12408 archivos procesados
[scanner] ⏳ Progreso: 8710/12408 archivos procesados
[scanner] ⏳ Progreso: 8720/12408 archivos procesados
[scanner] ⏳ Progreso: 8730/12408 archivos procesados
[scanner] ⏳ Progreso: 8740/12408 archivos procesados
[scanner] ⏳ Progreso: 8750/12408 archivos procesados
[scanner] ⏳ Progreso: 8760/12408 archivos procesados
[scanner] ⏳ Progreso: 8770/12408 archivos procesados
[scanner] ⏳ Progreso: 8780/12408 archivos procesados
[scanner] ⏳ Progreso: 8790/12408 archivos procesados
[scanner] ⏳ Progreso: 8800/12408 archivos procesados
[scanner] ⏳ Progreso: 8810/12408 archivos procesados
[scanner] ⏳ Progreso: 8820/12408 archivos procesados
[scanner] ⏳ Progreso: 8830/12408 archivos procesados
[scanner] ⏳ Progreso: 8840/12408 archivos procesados
[scanner] ⏳ Progreso: 8850/12408 archivos procesados
[scanner] ⏳ Progreso: 8860/12408 archivos procesados
[scanner] ⏳ Progreso: 8870/12408 archivos procesados
[scanner] ⏳ Progreso: 8880/12408 archivos procesados
[scanner] ⏳ Progreso: 8890/12408 archivos procesados
[scanner] ⏳ Progreso: 8900/12408 archivos procesados
[scanner] ⏳ Progreso: 8910/12408 archivos procesados
[scanner] ⏳ Progreso: 8920/12408 archivos procesados
[scanner] ⏳ Progreso: 8930/12408 archivos procesados
[scanner] ⏳ Progreso: 8940/12408 archivos procesados
[scanner] ⏳ Progreso: 8950/12408 archivos procesados
[scanner] ⏳ Progreso: 8960/12408 archivos procesados
[scanner] ⏳ Progreso: 8970/12408 archivos procesados
[scanner] ⏳ Progreso: 8980/12408 archivos procesados
[scanner] ⏳ Progreso: 8990/12408 archivos procesados
[scanner] ⏳ Progreso: 9000/12408 archivos procesados
[scanner] ⏳ Progreso: 9010/12408 archivos procesados
[scanner] ⏳ Progreso: 9020/12408 archivos procesados
[scanner] ⏳ Progreso: 9030/12408 archivos procesados
[scanner] ⏳ Progreso: 9040/12408 archivos procesados
[scanner] ⏳ Progreso: 9050/12408 archivos procesados
[scanner] ⏳ Progreso: 9060/12408 archivos procesados
[scanner] ⏳ Progreso: 9070/12408 archivos procesados
[scanner] ⏳ Progreso: 9080/12408 archivos procesados
[scanner] ⏳ Progreso: 9090/12408 archivos procesados
[scanner] ⏳ Progreso: 9100/12408 archivos procesados
[scanner] ⏳ Progreso: 9110/12408 archivos procesados
[scanner] ⏳ Progreso: 9120/12408 archivos procesados
[scanner] ⏳ Progreso: 9130/12408 archivos procesados
[scanner] ⏳ Progreso: 9140/12408 archivos procesados
[scanner] ⏳ Progreso: 9150/12408 archivos procesados
[scanner] ⏳ Progreso: 9160/12408 archivos procesados
[scanner] ⏳ Progreso: 9170/12408 archivos procesados
[scanner] ⏳ Progreso: 9180/12408 archivos procesados
[scanner] ⏳ Progreso: 9190/12408 archivos procesados
[scanner] ⏳ Progreso: 9200/12408 archivos procesados
[scanner] ⏳ Progreso: 9210/12408 archivos procesados
[scanner] ⏳ Progreso: 9220/12408 archivos procesados
[scanner] ⏳ Progreso: 9230/12408 archivos procesados
[scanner] ⏳ Progreso: 9240/12408 archivos procesados
[scanner] ⏳ Progreso: 9250/12408 archivos procesados
[scanner] ⏳ Progreso: 9260/12408 archivos procesados
[scanner] ⏳ Progreso: 9270/12408 archivos procesados
[scanner] ⏳ Progreso: 9280/12408 archivos procesados
[scanner] ⏳ Progreso: 9290/12408 archivos procesados
[scanner] ⏳ Progreso: 9300/12408 archivos procesados
[scanner] ⏳ Progreso: 9310/12408 archivos procesados
[scanner] ⏳ Progreso: 9320/12408 archivos procesados
[scanner] ⏳ Progreso: 9330/12408 archivos procesados
[scanner] ⏳ Progreso: 9340/12408 archivos procesados
[scanner] ⏳ Progreso: 9350/12408 archivos procesados
[scanner] ⏳ Progreso: 9360/12408 archivos procesados
[scanner] ⏳ Progreso: 9370/12408 archivos procesados
[scanner] ⏳ Progreso: 9380/12408 archivos procesados
[scanner] ⏳ Progreso: 9390/12408 archivos procesados
[scanner] ⏳ Progreso: 9400/12408 archivos procesados
[scanner] ⏳ Progreso: 9410/12408 archivos procesados
[scanner] ⏳ Progreso: 9420/12408 archivos procesados
[scanner] ⏳ Progreso: 9430/12408 archivos procesados
[scanner] ⏳ Progreso: 9440/12408 archivos procesados
[scanner] ⏳ Progreso: 9450/12408 archivos procesados
[scanner] ⏳ Progreso: 9460/12408 archivos procesados
[scanner] ⏳ Progreso: 9470/12408 archivos procesados
[scanner] ⏳ Progreso: 9480/12408 archivos procesados
[scanner] ⏳ Progreso: 9490/12408 archivos procesados
[scanner] ⏳ Progreso: 9500/12408 archivos procesados
[scanner] ⏳ Progreso: 9510/12408 archivos procesados
[scanner] ⏳ Progreso: 9520/12408 archivos procesados
[scanner] ⏳ Progreso: 9530/12408 archivos procesados
[scanner] ⏳ Progreso: 9540/12408 archivos procesados
[scanner] ⏳ Progreso: 9550/12408 archivos procesados
[scanner] ⏳ Progreso: 9560/12408 archivos procesados
[scanner] ⏳ Progreso: 9570/12408 archivos procesados
[scanner] ⏳ Progreso: 9580/12408 archivos procesados
[scanner] ⏳ Progreso: 9590/12408 archivos procesados
[scanner] ⏳ Progreso: 9600/12408 archivos procesados
[scanner] ⏳ Progreso: 9610/12408 archivos procesados
[scanner] ⏳ Progreso: 9620/12408 archivos procesados
[scanner] ⏳ Progreso: 9630/12408 archivos procesados
[scanner] ⏳ Progreso: 9640/12408 archivos procesados
[scanner] ⏳ Progreso: 9650/12408 archivos procesados
[scanner] ⏳ Progreso: 9660/12408 archivos procesados
[scanner] ⏳ Progreso: 9670/12408 archivos procesados
[scanner] ⏳ Progreso: 9680/12408 archivos procesados
[scanner] ⏳ Progreso: 9690/12408 archivos procesados
[scanner] ⏳ Progreso: 9700/12408 archivos procesados
[scanner] ⏳ Progreso: 9710/12408 archivos procesados
[scanner] ⏳ Progreso: 9720/12408 archivos procesados
[scanner] ⏳ Progreso: 9730/12408 archivos procesados
[scanner] ⏳ Progreso: 9740/12408 archivos procesados
[scanner] ⏳ Progreso: 9750/12408 archivos procesados
[scanner] ⏳ Progreso: 9760/12408 archivos procesados
[scanner] ⏳ Progreso: 9770/12408 archivos procesados
[scanner] ⏳ Progreso: 9780/12408 archivos procesados
[scanner] ⏳ Progreso: 9790/12408 archivos procesados
[scanner] ⏳ Progreso: 9800/12408 archivos procesados
[scanner] ⏳ Progreso: 9810/12408 archivos procesados
[scanner] ⏳ Progreso: 9820/12408 archivos procesados
[scanner] ⏳ Progreso: 9830/12408 archivos procesados
[scanner] ⏳ Progreso: 9840/12408 archivos procesados
[scanner] ⏳ Progreso: 9850/12408 archivos procesados
[scanner] ⏳ Progreso: 9860/12408 archivos procesados
[scanner] ⏳ Progreso: 9870/12408 archivos procesados
[scanner] ⏳ Progreso: 9880/12408 archivos procesados
[scanner] ⏳ Progreso: 9890/12408 archivos procesados
[scanner] ⏳ Progreso: 9900/12408 archivos procesados
[scanner] ⏳ Progreso: 9910/12408 archivos procesados
[scanner] ⏳ Progreso: 9920/12408 archivos procesados
[scanner] ⏳ Progreso: 9930/12408 archivos procesados
[scanner] ⏳ Progreso: 9940/12408 archivos procesados
[scanner] ⏳ Progreso: 9950/12408 archivos procesados
[scanner] ⏳ Progreso: 9960/12408 archivos procesados
[scanner] ⏳ Progreso: 9970/12408 archivos procesados
[scanner] ⏳ Progreso: 9980/12408 archivos procesados
[scanner] ⏳ Progreso: 9990/12408 archivos procesados
[scanner] ⏳ Progreso: 10000/12408 archivos procesados
[scanner] ⏳ Progreso: 10010/12408 archivos procesados
[scanner] ⏳ Progreso: 10020/12408 archivos procesados
[scanner] ⏳ Progreso: 10030/12408 archivos procesados
[scanner] ⏳ Progreso: 10040/12408 archivos procesados
[scanner] ⏳ Progreso: 10050/12408 archivos procesados
[scanner] ⏳ Progreso: 10060/12408 archivos procesados
[scanner] ⏳ Progreso: 10070/12408 archivos procesados
[scanner] ⏳ Progreso: 10080/12408 archivos procesados
[scanner] ⏳ Progreso: 10090/12408 archivos procesados
[scanner] ⏳ Progreso: 10100/12408 archivos procesados
[scanner] ⏳ Progreso: 10110/12408 archivos procesados
[scanner] ⏳ Progreso: 10120/12408 archivos procesados
[scanner] ⏳ Progreso: 10130/12408 archivos procesados
[scanner] ⏳ Progreso: 10140/12408 archivos procesados
[scanner] ⏳ Progreso: 10150/12408 archivos procesados
[scanner] ⏳ Progreso: 10160/12408 archivos procesados
[scanner] ⏳ Progreso: 10170/12408 archivos procesados
[scanner] ⏳ Progreso: 10180/12408 archivos procesados
[scanner] ⏳ Progreso: 10190/12408 archivos procesados
[scanner] ⏳ Progreso: 10200/12408 archivos procesados
[scanner] ⏳ Progreso: 10210/12408 archivos procesados
[scanner] ⏳ Progreso: 10220/12408 archivos procesados
[scanner] ⏳ Progreso: 10230/12408 archivos procesados
[scanner] ⏳ Progreso: 10240/12408 archivos procesados
[scanner] ⏳ Progreso: 10250/12408 archivos procesados
[scanner] ⏳ Progreso: 10260/12408 archivos procesados
[scanner] ⏳ Progreso: 10270/12408 archivos procesados
[scanner] ⏳ Progreso: 10280/12408 archivos procesados
[scanner] ⏳ Progreso: 10290/12408 archivos procesados
[scanner] ⏳ Progreso: 10300/12408 archivos procesados
[scanner] ⏳ Progreso: 10310/12408 archivos procesados
[scanner] ⏳ Progreso: 10320/12408 archivos procesados
[scanner] ⏳ Progreso: 10330/12408 archivos procesados
[scanner] ⏳ Progreso: 10340/12408 archivos procesados
[scanner] ⏳ Progreso: 10350/12408 archivos procesados
[scanner] ⏳ Progreso: 10360/12408 archivos procesados
[scanner] ⏳ Progreso: 10370/12408 archivos procesados
[scanner] ⏳ Progreso: 10380/12408 archivos procesados
[scanner] ⏳ Progreso: 10390/12408 archivos procesados
[scanner] ⏳ Progreso: 10400/12408 archivos procesados
[scanner] ⏳ Progreso: 10410/12408 archivos procesados
[scanner] ⏳ Progreso: 10420/12408 archivos procesados
[scanner] ⏳ Progreso: 10430/12408 archivos procesados
[scanner] ⏳ Progreso: 10440/12408 archivos procesados
[scanner] ⏳ Progreso: 10450/12408 archivos procesados
[scanner] ⏳ Progreso: 10460/12408 archivos procesados
[scanner] ⏳ Progreso: 10470/12408 archivos procesados
[scanner] ⏳ Progreso: 10480/12408 archivos procesados
[scanner] ⏳ Progreso: 10490/12408 archivos procesados
[scanner] ⏳ Progreso: 10500/12408 archivos procesados
[scanner] ⏳ Progreso: 10510/12408 archivos procesados
[scanner] ⏳ Progreso: 10520/12408 archivos procesados
[scanner] ⏳ Progreso: 10530/12408 archivos procesados
[scanner] ⏳ Progreso: 10540/12408 archivos procesados
[scanner] ⏳ Progreso: 10550/12408 archivos procesados
[scanner] ⏳ Progreso: 10560/12408 archivos procesados
[scanner] ⏳ Progreso: 10570/12408 archivos procesados
[scanner] ⏳ Progreso: 10580/12408 archivos procesados
[scanner] ⏳ Progreso: 10590/12408 archivos procesados
[scanner] ⏳ Progreso: 10600/12408 archivos procesados
[scanner] ⏳ Progreso: 10610/12408 archivos procesados
[scanner] ⏳ Progreso: 10620/12408 archivos procesados
[scanner] ⏳ Progreso: 10630/12408 archivos procesados
[scanner] ⏳ Progreso: 10640/12408 archivos procesados
[scanner] ⏳ Progreso: 10650/12408 archivos procesados
[scanner] ⏳ Progreso: 10660/12408 archivos procesados
[scanner] ⏳ Progreso: 10670/12408 archivos procesados
[scanner] ⏳ Progreso: 10680/12408 archivos procesados
[scanner] ⏳ Progreso: 10690/12408 archivos procesados
[scanner] ⏳ Progreso: 10700/12408 archivos procesados
[scanner] ⏳ Progreso: 10710/12408 archivos procesados
[scanner] ⏳ Progreso: 10720/12408 archivos procesados
[scanner] ⏳ Progreso: 10730/12408 archivos procesados
[scanner] ⏳ Progreso: 10740/12408 archivos procesados
[scanner] ⏳ Progreso: 10750/12408 archivos procesados
[scanner] ⏳ Progreso: 10760/12408 archivos procesados
[scanner] ⏳ Progreso: 10770/12408 archivos procesados
[scanner] ⏳ Progreso: 10780/12408 archivos procesados
[scanner] ⏳ Progreso: 10790/12408 archivos procesados
[scanner] ⏳ Progreso: 10800/12408 archivos procesados
[scanner] ⏳ Progreso: 10810/12408 archivos procesados
[scanner] ⏳ Progreso: 10820/12408 archivos procesados
[scanner] ⏳ Progreso: 10830/12408 archivos procesados
[scanner] ⏳ Progreso: 10840/12408 archivos procesados
[scanner] ⏳ Progreso: 10850/12408 archivos procesados
[scanner] ⏳ Progreso: 10860/12408 archivos procesados
[scanner] ⏳ Progreso: 10870/12408 archivos procesados
[scanner] ⏳ Progreso: 10880/12408 archivos procesados
[scanner] ⏳ Progreso: 10890/12408 archivos procesados
[scanner] ⏳ Progreso: 10900/12408 archivos procesados
[scanner] ⏳ Progreso: 10910/12408 archivos procesados
[scanner] ⏳ Progreso: 10920/12408 archivos procesados
[scanner] ⏳ Progreso: 10930/12408 archivos procesados
[scanner] ⏳ Progreso: 10940/12408 archivos procesados
[scanner] ⏳ Progreso: 10950/12408 archivos procesados
[scanner] ⏳ Progreso: 10960/12408 archivos procesados
[scanner] ⏳ Progreso: 10970/12408 archivos procesados
[scanner] ⏳ Progreso: 10980/12408 archivos procesados
[scanner] ⏳ Progreso: 10990/12408 archivos procesados
[scanner] ⏳ Progreso: 11000/12408 archivos procesados
[scanner] ⏳ Progreso: 11010/12408 archivos procesados
[scanner] ⏳ Progreso: 11020/12408 archivos procesados
[scanner] ⏳ Progreso: 11030/12408 archivos procesados
[scanner] ⏳ Progreso: 11040/12408 archivos procesados
[scanner] ⏳ Progreso: 11050/12408 archivos procesados
[scanner] ⏳ Progreso: 11060/12408 archivos procesados
[scanner] ⏳ Progreso: 11070/12408 archivos procesados
[scanner] ⏳ Progreso: 11080/12408 archivos procesados
[scanner] ⏳ Progreso: 11090/12408 archivos procesados
[scanner] ⏳ Progreso: 11100/12408 archivos procesados
[scanner] ⏳ Progreso: 11110/12408 archivos procesados
[scanner] ⏳ Progreso: 11120/12408 archivos procesados
[scanner] ⏳ Progreso: 11130/12408 archivos procesados
[scanner] ⏳ Progreso: 11140/12408 archivos procesados
[scanner] ⏳ Progreso: 11150/12408 archivos procesados
[scanner] ⏳ Progreso: 11160/12408 archivos procesados
[scanner] ⏳ Progreso: 11170/12408 archivos procesados
[scanner] ⏳ Progreso: 11180/12408 archivos procesados
[scanner] ⏳ Progreso: 11190/12408 archivos procesados
[scanner] ⏳ Progreso: 11200/12408 archivos procesados
[scanner] ⏳ Progreso: 11210/12408 archivos procesados
[scanner] ⏳ Progreso: 11220/12408 archivos procesados
[scanner] ⏳ Progreso: 11230/12408 archivos procesados
[scanner] ⏳ Progreso: 11240/12408 archivos procesados
[scanner] ⏳ Progreso: 11250/12408 archivos procesados
[scanner] ⏳ Progreso: 11260/12408 archivos procesados
[scanner] ⏳ Progreso: 11270/12408 archivos procesados
[scanner] ⏳ Progreso: 11280/12408 archivos procesados
[scanner] ⏳ Progreso: 11290/12408 archivos procesados
[scanner] ⏳ Progreso: 11300/12408 archivos procesados
[scanner] ⏳ Progreso: 11310/12408 archivos procesados
[scanner] ⏳ Progreso: 11320/12408 archivos procesados
[scanner] ⏳ Progreso: 11330/12408 archivos procesados
[scanner] ⏳ Progreso: 11340/12408 archivos procesados
[scanner] ⏳ Progreso: 11350/12408 archivos procesados
[scanner] ⏳ Progreso: 11360/12408 archivos procesados
[scanner] ⏳ Progreso: 11370/12408 archivos procesados
[scanner] ⏳ Progreso: 11380/12408 archivos procesados
[scanner] ⏳ Progreso: 11390/12408 archivos procesados
[scanner] ⏳ Progreso: 11400/12408 archivos procesados
[scanner] ⏳ Progreso: 11410/12408 archivos procesados
[scanner] ⏳ Progreso: 11420/12408 archivos procesados
[scanner] ⏳ Progreso: 11430/12408 archivos procesados
[scanner] ⏳ Progreso: 11440/12408 archivos procesados
[scanner] ⏳ Progreso: 11450/12408 archivos procesados
[scanner] ⏳ Progreso: 11460/12408 archivos procesados
[scanner] ⏳ Progreso: 11470/12408 archivos procesados
[scanner] ⏳ Progreso: 11480/12408 archivos procesados
[scanner] ⏳ Progreso: 11490/12408 archivos procesados
[scanner] ⏳ Progreso: 11500/12408 archivos procesados
[scanner] ⏳ Progreso: 11510/12408 archivos procesados
[scanner] ⏳ Progreso: 11520/12408 archivos procesados
[scanner] ⏳ Progreso: 11530/12408 archivos procesados
[scanner] ⏳ Progreso: 11540/12408 archivos procesados
[scanner] ⏳ Progreso: 11550/12408 archivos procesados
[scanner] ⏳ Progreso: 11560/12408 archivos procesados
[scanner] ⏳ Progreso: 11570/12408 archivos procesados
[scanner] ⏳ Progreso: 11580/12408 archivos procesados
[scanner] ⏳ Progreso: 11590/12408 archivos procesados
[scanner] ⏳ Progreso: 11600/12408 archivos procesados
[scanner] ⏳ Progreso: 11610/12408 archivos procesados
[scanner] ⏳ Progreso: 11620/12408 archivos procesados
[scanner] ⏳ Progreso: 11630/12408 archivos procesados
[scanner] ⏳ Progreso: 11640/12408 archivos procesados
[scanner] ⏳ Progreso: 11650/12408 archivos procesados
[scanner] ⏳ Progreso: 11660/12408 archivos procesados
[scanner] ⏳ Progreso: 11670/12408 archivos procesados
[scanner] ⏳ Progreso: 11680/12408 archivos procesados
[scanner] ⏳ Progreso: 11690/12408 archivos procesados
[scanner] ⏳ Progreso: 11700/12408 archivos procesados
[scanner] ⏳ Progreso: 11710/12408 archivos procesados
[scanner] ⏳ Progreso: 11720/12408 archivos procesados
[scanner] ⏳ Progreso: 11730/12408 archivos procesados
[scanner] ⏳ Progreso: 11740/12408 archivos procesados
[scanner] ⏳ Progreso: 11750/12408 archivos procesados
[scanner] ⏳ Progreso: 11760/12408 archivos procesados
[scanner] ⏳ Progreso: 11770/12408 archivos procesados
[scanner] ⏳ Progreso: 11780/12408 archivos procesados
[scanner] ⏳ Progreso: 11790/12408 archivos procesados
[scanner] ⏳ Progreso: 11800/12408 archivos procesados
[scanner] ⏳ Progreso: 11810/12408 archivos procesados
[scanner] ⏳ Progreso: 11820/12408 archivos procesados
[scanner] ⏳ Progreso: 11830/12408 archivos procesados
[scanner] ⏳ Progreso: 11840/12408 archivos procesados
[scanner] ⏳ Progreso: 11850/12408 archivos procesados
[scanner] ⏳ Progreso: 11860/12408 archivos procesados
[scanner] ⏳ Progreso: 11870/12408 archivos procesados
[scanner] ⏳ Progreso: 11880/12408 archivos procesados
[scanner] ⏳ Progreso: 11890/12408 archivos procesados
[scanner] ⏳ Progreso: 11900/12408 archivos procesados
[scanner] ⏳ Progreso: 11910/12408 archivos procesados
[scanner] ⏳ Progreso: 11920/12408 archivos procesados
[scanner] ⏳ Progreso: 11930/12408 archivos procesados
[scanner] ⏳ Progreso: 11940/12408 archivos procesados
[scanner] ⏳ Progreso: 11950/12408 archivos procesados
[scanner] ⏳ Progreso: 11960/12408 archivos procesados
[scanner] ⏳ Progreso: 11970/12408 archivos procesados
[scanner] ⏳ Progreso: 11980/12408 archivos procesados
[scanner] ⏳ Progreso: 11990/12408 archivos procesados
[scanner] ⏳ Progreso: 12000/12408 archivos procesados
[scanner] ⏳ Progreso: 12010/12408 archivos procesados
[scanner] ⏳ Progreso: 12020/12408 archivos procesados
[scanner] ⏳ Progreso: 12030/12408 archivos procesados
[scanner] ⏳ Progreso: 12040/12408 archivos procesados
[scanner] ⏳ Progreso: 12050/12408 archivos procesados
[scanner] ⏳ Progreso: 12060/12408 archivos procesados
[scanner] ⏳ Progreso: 12070/12408 archivos procesados
[scanner] ⏳ Progreso: 12080/12408 archivos procesados
[scanner] ⏳ Progreso: 12090/12408 archivos procesados
[scanner] ⏳ Progreso: 12100/12408 archivos procesados
[scanner] ⏳ Progreso: 12110/12408 archivos procesados
[scanner] ⏳ Progreso: 12120/12408 archivos procesados
[scanner] ⏳ Progreso: 12130/12408 archivos procesados
[scanner] ⏳ Progreso: 12140/12408 archivos procesados
[scanner] ⏳ Progreso: 12150/12408 archivos procesados
[scanner] ⏳ Progreso: 12160/12408 archivos procesados
[scanner] ⏳ Progreso: 12170/12408 archivos procesados
[scanner] ⏳ Progreso: 12180/12408 archivos procesados
[scanner] ⏳ Progreso: 12190/12408 archivos procesados
[scanner] ⏳ Progreso: 12200/12408 archivos procesados
[scanner] ⏳ Progreso: 12210/12408 archivos procesados
[scanner] ⏳ Progreso: 12220/12408 archivos procesados
[scanner] ⏳ Progreso: 12230/12408 archivos procesados
[scanner] ⏳ Progreso: 12240/12408 archivos procesados
[scanner] ⏳ Progreso: 12250/12408 archivos procesados
[scanner] ⏳ Progreso: 12260/12408 archivos procesados
[scanner] ⏳ Progreso: 12270/12408 archivos procesados
[scanner] ⏳ Progreso: 12280/12408 archivos procesados
[scanner] ⏳ Progreso: 12290/12408 archivos procesados
[scanner] ⏳ Progreso: 12300/12408 archivos procesados
[scanner] ⏳ Progreso: 12310/12408 archivos procesados
[scanner] ⏳ Progreso: 12320/12408 archivos procesados
[scanner] ⏳ Progreso: 12330/12408 archivos procesados
[scanner] ⏳ Progreso: 12340/12408 archivos procesados
[scanner] ⏳ Progreso: 12350/12408 archivos procesados
[scanner] ⏳ Progreso: 12360/12408 archivos procesados
[scanner] ⏳ Progreso: 12370/12408 archivos procesados
[scanner] ⏳ Progreso: 12380/12408 archivos procesados
[scanner] ⏳ Progreso: 12390/12408 archivos procesados
[scanner] ⏳ Progreso: 12400/12408 archivos procesados
[scanner] ⏳ Progreso: 12408/12408 archivos procesados
[scanner] ✅ 12408 canciones leídas
[scanner] 💾 12408 canciones guardadas en SQLite
🔍 Cargando biblioteca desde SQLite...
✅ 12408 canciones cargadas en memoria
[buildLibrary] 🏗️ Construyendo... { limit: 100, offset: 0, userId: null, likedOnly: false }
[buildLibrary] ✅ 100 canciones devueltas (total: 12408)
